
Allocating common symbols
Common symbol       size              file

SHT_NAME            0x50              elfsplitter.o

Memory Configuration

Name             Origin             Length             Attributes
*default*        0x00000000         0xffffffff

Linker script and memory map

                0x00000000                . = 0x0

.start          0x00000000      0x180
 start*(.text)
 .text          0x00000000      0x180 start.o
                0x00000000                start
                0x0000004c                _jump_to_program
                0x00000094                _core_status

.text           0x00000180     0x183c
 *(.text)
 .text          0x00000180      0x5e8 boot-loader-serial.o
                0x00000180                printm
                0x00000194                print_spaces
                0x000001bc                print_help
                0x000002dc                load_run
                0x00000418                get_hex
                0x000004d8                get_address_data
                0x00000520                parse
 .text          0x00000768       0x50 crc16.o
                0x00000768                crc16_ccitt
 .text          0x000007b8      0x29c xmodem.o
                0x000007d0                xmodemReceive
 .text          0x00000a54      0x13c elfsplitter.o
                0x00000a54                elfsplitter
 .text          0x00000b90      0x484 ../mini-libc/printf.o
                0x00000b90                outbyte
                0x00000bb0                prints
                0x00000c84                printi
                0x00000df0                print
                0x00000fb4                sprintf
                0x00000fe4                printf
 .text          0x00001014      0x480 ../mini-libc/libc_asm.o
                0x00001014                _testfail
                0x00001020                _testpass
                0x00001030                _outbyte
                0x00001050                _inbyte
                0x00001080                __aeabi_idiv
                0x00001080                _div
                0x00001104                strcpy
                0x00001208                strcmp
                0x00001400                init_malloc
                0x0000140c                malloc
                0x00001420                strncpy
                0x00001444                strncmp
 .text          0x00001494      0x528 ../mini-libc/memcpy.o
                0x00001494                memcpy

.glue_7         0x000019bc        0x0
 .glue_7        0x00000000        0x0 linker stubs

.glue_7t        0x000019bc        0x0
 .glue_7t       0x00000000        0x0 linker stubs

.vfp11_veneer   0x000019bc        0x0
 .vfp11_veneer  0x00000000        0x0 linker stubs

.v4_bx          0x000019bc        0x0
 .v4_bx         0x00000000        0x0 linker stubs

.text.startup   0x000019bc      0x198
 .text.startup  0x000019bc      0x198 boot-loader-serial.o
                0x000019bc                main

.iplt           0x00001b54        0x0
 .iplt          0x00000000        0x0 boot-loader-serial.o

.rodata         0x00001b54      0x200
 *(.rodata)
 .rodata        0x00001b54      0x200 crc16.o

.rodata.str1.1  0x00001d54      0x25e
 .rodata.str1.1
                0x00001d54      0x203 boot-loader-serial.o
                                0x20e (size before relaxing)
 .rodata.str1.1
                0x00001f57       0x54 elfsplitter.o
 .rodata.str1.1
                0x00001fab        0x7 ../mini-libc/printf.o

.rel.dyn        0x00001fb4        0x0
 .rel.iplt      0x00000000        0x0 boot-loader-serial.o

.data           0x00001fb2        0x0
 *(.data)
 .data          0x00001fb2        0x0 boot-loader-serial.o
 .data          0x00001fb2        0x0 start.o
 .data          0x00001fb2        0x0 crc16.o
 .data          0x00001fb2        0x0 xmodem.o
 .data          0x00001fb2        0x0 elfsplitter.o
 .data          0x00001fb2        0x0 ../mini-libc/printf.o
 .data          0x00001fb2        0x0 ../mini-libc/libc_asm.o
 .data          0x00001fb2        0x0 ../mini-libc/memcpy.o

.igot.plt       0x00001fb4        0x0
 .igot.plt      0x00000000        0x0 boot-loader-serial.o

.bss            0x00001fb2       0x50
 *(.bss)
 .bss           0x00001fb2        0x0 boot-loader-serial.o
 .bss           0x00001fb2        0x0 start.o
 .bss           0x00001fb2        0x0 crc16.o
 .bss           0x00001fb2        0x0 xmodem.o
 .bss           0x00001fb2        0x0 elfsplitter.o
 .bss           0x00001fb2        0x0 ../mini-libc/printf.o
 .bss           0x00001fb2        0x0 ../mini-libc/libc_asm.o
 .bss           0x00001fb2        0x0 ../mini-libc/memcpy.o
 COMMON         0x00001fb2       0x50 elfsplitter.o
                0x00001fb2                SHT_NAME

.stack          0x00002002        0x0
                0x00002002                __stack = .
LOAD boot-loader-serial.o
LOAD start.o
LOAD crc16.o
LOAD xmodem.o
LOAD elfsplitter.o
LOAD ../mini-libc/printf.o
LOAD ../mini-libc/libc_asm.o
LOAD ../mini-libc/memcpy.o
OUTPUT(boot-loader-serial.elf elf32-littlearm)

.comment        0x00000000       0x30
 .comment       0x00000000       0x30 boot-loader-serial.o
                                 0x31 (size before relaxing)
 .comment       0x00000000       0x31 crc16.o
 .comment       0x00000000       0x31 xmodem.o
 .comment       0x00000000       0x31 elfsplitter.o
 .comment       0x00000000       0x31 ../mini-libc/printf.o
 .comment       0x00000000       0x31 ../mini-libc/memcpy.o

.note.GNU-stack
                0x00000000        0x0
 .note.GNU-stack
                0x00000000        0x0 boot-loader-serial.o
 .note.GNU-stack
                0x00000000        0x0 crc16.o
 .note.GNU-stack
                0x00000000        0x0 xmodem.o
 .note.GNU-stack
                0x00000000        0x0 elfsplitter.o
 .note.GNU-stack
                0x00000000        0x0 ../mini-libc/printf.o
 .note.GNU-stack
                0x00000000        0x0 ../mini-libc/memcpy.o

.ARM.attributes
                0x00000000       0x33
 .ARM.attributes
                0x00000000       0x30 boot-loader-serial.o
 .ARM.attributes
                0x00000030       0x23 start.o
 .ARM.attributes
                0x00000053       0x30 crc16.o
 .ARM.attributes
                0x00000083       0x30 xmodem.o
 .ARM.attributes
                0x000000b3       0x30 elfsplitter.o
 .ARM.attributes
                0x000000e3       0x30 ../mini-libc/printf.o
 .ARM.attributes
                0x00000113       0x23 ../mini-libc/libc_asm.o
 .ARM.attributes
                0x00000136       0x30 ../mini-libc/memcpy.o
